
     Program PHONON v.6.7MaX starts on  4Jun2026 at  1:32: 9 

     This program is part of the open-source Quantum ESPRESSO suite
     for quantum simulation of materials; please cite
         "P. Giannozzi et al., J. Phys.:Condens. Matter 21 395502 (2009);
         "P. Giannozzi et al., J. Phys.:Condens. Matter 29 465901 (2017);
          URL http://www.quantum-espresso.org", 
     in publications or presentations arising from this work. More details at
     http://www.quantum-espresso.org/quote

     Parallel version (MPI), running on     6 processors

     MPI processes distributed on     1 nodes
     R & G space division:  proc/nbgrp/npool/nimage =       6
     Reading input from ph.in

     Reading xml data from directory:

     ./out/li2mgh16.save/
     file Mg.pbe-spnl-rrkjus_psl.1.0.0.UPF: wavefunction(s)  2P renormalized

     IMPORTANT: XC functional enforced from input :
     Exchange-correlation= PBE
                           (   1   4   3   4   0   0   0)
     Any further DFT definition will be discarded
     Please, verify this is what you really want


     Parallelization info
     --------------------
     sticks:   dense  smooth     PW     G-vecs:    dense   smooth      PW
     Min         445     223     66                15129     5357     867
     Max         447     225     67                15130     5358     869
     Sum        2677    1345    397                90777    32143    5209


     Check: negative core charge=   -0.000009
     Reading collected, re-writing distributed wavefunctions

     Saving dvscf to file. Distribute only q points, not irreducible represetations.
 end of file reached, closing tag not found
warning: file closed at level 1 with tag Root open
 end of file reached, closing tag not found
warning: file closed at level 1 with tag Root open
        8 /   8 q-points for this run, from  1 to  8:
       N       xq(1)         xq(2)         xq(3) 
       1   0.000000000   0.000000000   0.000000000
       2  -0.353553391  -0.353553391   0.353553391
       3  -0.353553391   0.353553391  -0.353553391
       4  -0.707106781   0.000000000   0.000000000
       5   0.353553391  -0.353553391  -0.353553391
       6   0.000000000  -0.707106781   0.000000000
       7   0.000000000   0.000000000  -0.707106781
       8  -0.353553391  -0.353553391  -0.353553391


     Calculation of q =    0.0000000   0.0000000   0.0000000
     Message from routine ph_restart_set_filename :
     cannot open file for reading or writing
 end of file reached, closing tag not found
warning: file closed at level 1 with tag Root open
 end of file reached, closing tag not found
warning: file closed at level 1 with tag Root open
 end of file reached, tag PARTIAL_EL_PHON not found
At line 965 of file xmltools.f90
Fortran runtime error: Sequential READ or WRITE not allowed after EOF marker, possibly use REWIND or BACKSPACE

Error termination. Backtrace:
#0  0x7fc537d90960 in ???
#1  0x7fc537d914d9 in ???
#2  0x7fc537d9210f in ???
#3  0x7fc537fe896d in ???
#4  0x564ac0cb4a2a in ???
#5  0x564ac0cb5413 in ???
#6  0x564ac0cb6946 in ???
#7  0x564ac0831dd5 in ???
#8  0x564ac083e0ab in ???
#9  0x564ac0815b55 in ???
#10  0x564ac07e2a6e in ???
#11  0x564ac07dc191 in ???
#12  0x564ac07dbffe in ???
#13  0x7fc537a61d8f in ???
#14  0x7fc537a61e3f in ???
#15  0x564ac07dc02d in ???
#16  0xffffffffffffffff in ???
--------------------------------------------------------------------------
Primary job  terminated normally, but 1 process returned
a non-zero exit code. Per user-direction, the job has been aborted.
--------------------------------------------------------------------------
--------------------------------------------------------------------------
mpirun detected that one or more processes exited with non-zero status, thus causing
the job to be terminated. The first process to do so was:

  Process name: [[61720,1],0]
  Exit code:    2
--------------------------------------------------------------------------

     Program PHONON v.6.7MaX starts on  4Jun2026 at  4:17:17 

     This program is part of the open-source Quantum ESPRESSO suite
     for quantum simulation of materials; please cite
         "P. Giannozzi et al., J. Phys.:Condens. Matter 21 395502 (2009);
         "P. Giannozzi et al., J. Phys.:Condens. Matter 29 465901 (2017);
          URL http://www.quantum-espresso.org", 
     in publications or presentations arising from this work. More details at
     http://www.quantum-espresso.org/quote

     Parallel version (MPI), running on     6 processors

     MPI processes distributed on     1 nodes
     R & G space division:  proc/nbgrp/npool/nimage =       6
     Reading input from ph_salvage.in

     Reading xml data from directory:

     ./out/li2mgh16.save/
     file Mg.pbe-spnl-rrkjus_psl.1.0.0.UPF: wavefunction(s)  2P renormalized

     IMPORTANT: XC functional enforced from input :
     Exchange-correlation= PBE
                           (   1   4   3   4   0   0   0)
     Any further DFT definition will be discarded
     Please, verify this is what you really want


     Parallelization info
     --------------------
     sticks:   dense  smooth     PW     G-vecs:    dense   smooth      PW
     Min         445     223     66                15129     5357     867
     Max         447     225     67                15130     5358     869
     Sum        2677    1345    397                90777    32143    5209


     Check: negative core charge=   -0.000009
     Reading collected, re-writing distributed wavefunctions


     Dynamical matrices for ( 2, 2, 2)  uniform grid of q-points
     (   8 q-points):
       N         xq(1)         xq(2)         xq(3) 
       1   0.000000000   0.000000000   0.000000000
       2  -0.353553391  -0.353553391   0.353553391
       3  -0.353553391   0.353553391  -0.353553391
       4  -0.707106781   0.000000000   0.000000000
       5   0.353553391  -0.353553391  -0.353553391
       6   0.000000000  -0.707106781   0.000000000
       7   0.000000000   0.000000000  -0.707106781
       8  -0.353553391  -0.353553391  -0.353553391

     Saving dvscf to file. Distribute only q points, not irreducible represetations.

     Calculation of q =    0.0000000   0.0000000   0.0000000

     Li2MgH16 el-ph salvage q1-8 (recover=.false. clean rerun, SCF reused)      

     bravais-lattice index     =            0
     lattice parameter (alat)  =       8.9775  a.u.
     unit-cell volume          =     511.6301 (a.u.)^3
     number of atoms/cell      =           38
     number of atomic types    =            3
     kinetic-energy cut-off    =      60.0000  Ry
     charge density cut-off    =     480.0000  Ry
     convergence threshold     =      1.0E-14
     beta                      =       0.7000
     number of iterations used =            4
     Exchange-correlation= PBE
                           (   1   4   3   4   0   0   0)


     celldm(1)=    8.97753  celldm(2)=    0.00000  celldm(3)=    0.00000
     celldm(4)=    0.00000  celldm(5)=    0.00000  celldm(6)=    0.00000

     crystal axes: (cart. coord. in units of alat)
               a(1) = (  0.0000  0.7071  0.7071 )  
               a(2) = (  0.7071  0.0000  0.7071 )  
               a(3) = (  0.7071  0.7071  0.0000 )  

     reciprocal axes: (cart. coord. in units 2 pi/alat)
               b(1) = ( -0.7071  0.7071  0.7071 )  
               b(2) = (  0.7071 -0.7071  0.7071 )  
               b(3) = (  0.7071  0.7071 -0.7071 )  


     Atoms inside the unit cell: 

     Cartesian axes

     site n.  atom      mass           positions (alat units)
        1     Li   6.9410   tau(    1) = (    0.53033    0.88388    0.53033  )
        2     Li   6.9410   tau(    2) = (    0.53033    0.53033    0.88388  )
        3     Li   6.9410   tau(    3) = (    0.88388    0.53033    0.53033  )
        4     Li   6.9410   tau(    4) = (    0.88388    0.88388    0.88388  )
        5     Mg  24.3050   tau(    5) = (   -0.00000   -0.00000    0.00000  )
        6     Mg  24.3050   tau(    6) = (    0.35355    0.35355    0.35355  )
        7     H    1.0080   tau(    7) = (    0.94400    0.94400    1.17732  )
        8     H    1.0080   tau(    8) = (    1.17732    0.94400    0.94400  )
        9     H    1.0080   tau(    9) = (    0.94400    1.17732    0.94400  )
       10     H    1.0080   tau(   10) = (    0.82377    0.82377    0.59044  )
       11     H    1.0080   tau(   11) = (    0.82377    0.59044    0.82377  )
       12     H    1.0080   tau(   12) = (    0.59044    0.82377    0.82377  )
       13     H    1.0080   tau(   13) = (    1.17732    1.17732    1.17732  )
       14     H    1.0080   tau(   14) = (    0.59044    0.59044    0.59044  )
       15     H    1.0080   tau(   15) = (    0.61609    1.05463    0.79812  )
       16     H    1.0080   tau(   16) = (    0.79812    0.61609    1.05463  )
       17     H    1.0080   tau(   17) = (    1.05463    0.79812    0.61609  )
       18     H    1.0080   tau(   18) = (    0.71314    1.15168    0.96965  )
       19     H    1.0080   tau(   19) = (    1.15168    0.96965    0.71314  )
       20     H    1.0080   tau(   20) = (    0.96965    0.71314    1.15168  )
       21     H    1.0080   tau(   21) = (    1.15168    0.71314    0.96965  )
       22     H    1.0080   tau(   22) = (    0.96965    1.15168    0.71314  )
       23     H    1.0080   tau(   23) = (    0.71314    0.96965    1.15168  )
       24     H    1.0080   tau(   24) = (    1.05463    0.61609    0.79812  )
       25     H    1.0080   tau(   25) = (    0.61609    0.79812    1.05463  )
       26     H    1.0080   tau(   26) = (    0.79812    1.05463    0.61609  )
       27     H    1.0080   tau(   27) = (    0.79812    0.35959    0.79812  )
       28     H    1.0080   tau(   28) = (    0.35959    0.61609    0.61609  )
       29     H    1.0080   tau(   29) = (    1.40818    1.15168    1.15168  )
       30     H    1.0080   tau(   30) = (    0.96965    0.96965    1.40818  )
       31     H    1.0080   tau(   31) = (    0.96965    1.40818    0.96965  )
       32     H    1.0080   tau(   32) = (    0.79812    0.79812    0.35959  )
       33     H    1.0080   tau(   33) = (    0.61609    0.35959    0.61609  )
       34     H    1.0080   tau(   34) = (    1.40818    0.96965    0.96965  )
       35     H    1.0080   tau(   35) = (    1.15168    1.40818    1.15168  )
       36     H    1.0080   tau(   36) = (    0.35959    0.79812    0.79812  )
       37     H    1.0080   tau(   37) = (    0.61609    0.61609    0.35959  )
       38     H    1.0080   tau(   38) = (    1.15168    1.15168    1.40818  )

     Computing dynamical matrix for 
                    q = (   0.0000000   0.0000000   0.0000000 )

      2 Sym.Ops. (with q -> -q+G )


     G cutoff =  979.9311  (  15130 G-vectors)     FFT grid: ( 64, 64, 64)
     G cutoff =  489.9656  (   5358 G-vectors)  smooth grid: ( 45, 45, 45)

     number of k points=   260  Methfessel-Paxton smearing, width (Ry)=  0.0200

     PseudoPot. # 1 for Li read from file:
     ./pseudo/Li.pbe-s-rrkjus_psl.1.0.0.UPF
     MD5 check sum: a07f98b50cb2323aa4dab8f6b8331f41
     Pseudo is Ultrasoft, Zval =  3.0
     Generated using &quot;atomic&quot; code by A. Dal Corso  v.6.3MaX
     Using radial grid of 1017 points,  4 beta functions with: 
                l(1) =   0
                l(2) =   0
                l(3) =   1
                l(4) =   1
     Q(r) pseudized with 0 coefficients 


     PseudoPot. # 2 for Mg read from file:
     ./pseudo/Mg.pbe-spnl-rrkjus_psl.1.0.0.UPF
     MD5 check sum: 7bbac6cb09d08803af897bb2209b4f8d
     Pseudo is Ultrasoft + core correction, Zval = 10.0
     Generated using &quot;atomic&quot; code by A. Dal Corso  v.6.3
     Using radial grid of 1129 points,  4 beta functions with: 
                l(1) =   0
                l(2) =   0
                l(3) =   1
                l(4) =   1
     Q(r) pseudized with 0 coefficients 


     PseudoPot. # 3 for H  read from file:
     ./pseudo/H.pbe-rrkjus_psl.1.0.0.UPF
     MD5 check sum: af0d83a6ef17603a7b7645159cc407bf
     Pseudo is Ultrasoft, Zval =  1.0
     Generated using &quot;atomic&quot; code by A. Dal Corso  v.6.3MaX
     Using radial grid of  929 points,  2 beta functions with: 
                l(1) =   0
                l(2) =   0
     Q(r) pseudized with 0 coefficients 


     Mode symmetry, C_1 (1)     point group:


     Atomic displacements:
     There are  114 irreducible representations

     Representation     1      1 modes -  To be done

     Representation     2      1 modes -  To be done

     Representation     3      1 modes -  To be done

     Representation     4      1 modes -  To be done

     Representation     5      1 modes -  To be done

     Representation     6      1 modes -  To be done

     Representation     7      1 modes -  To be done

     Representation     8      1 modes -  To be done

     Representation     9      1 modes -  To be done

     Representation    10      1 modes -  To be done

     Representation    11      1 modes -  To be done

     Representation    12      1 modes -  To be done

     Representation    13      1 modes -  To be done

     Representation    14      1 modes -  To be done

     Representation    15      1 modes -  To be done

     Representation    16      1 modes -  To be done

     Representation    17      1 modes -  To be done

     Representation    18      1 modes -  To be done

     Representation    19      1 modes -  To be done

     Representation    20      1 modes -  To be done

     Representation    21      1 modes -  To be done

     Representation    22      1 modes -  To be done

     Representation    23      1 modes -  To be done

     Representation    24      1 modes -  To be done

     Representation    25      1 modes -  To be done

     Representation    26      1 modes -  To be done

     Representation    27      1 modes -  To be done

     Representation    28      1 modes -  To be done

     Representation    29      1 modes -  To be done

     Representation    30      1 modes -  To be done

     Representation    31      1 modes -  To be done

     Representation    32      1 modes -  To be done

     Representation    33      1 modes -  To be done

     Representation    34      1 modes -  To be done

     Representation    35      1 modes -  To be done

     Representation    36      1 modes -  To be done

     Representation    37      1 modes -  To be done

     Representation    38      1 modes -  To be done

     Representation    39      1 modes -  To be done

     Representation    40      1 modes -  To be done

     Representation    41      1 modes -  To be done

     Representation    42      1 modes -  To be done

     Representation    43      1 modes -  To be done

     Representation    44      1 modes -  To be done

     Representation    45      1 modes -  To be done

     Representation    46      1 modes -  To be done

     Representation    47      1 modes -  To be done

     Representation    48      1 modes -  To be done

     Representation    49      1 modes -  To be done

     Representation    50      1 modes -  To be done

     Representation    51      1 modes -  To be done

     Representation    52      1 modes -  To be done

     Representation    53      1 modes -  To be done

     Representation    54      1 modes -  To be done

     Representation    55      1 modes -  To be done

     Representation    56      1 modes -  To be done

     Representation    57      1 modes -  To be done

     Representation    58      1 modes -  To be done

     Representation    59      1 modes -  To be done

     Representation    60      1 modes -  To be done

     Representation    61      1 modes -  To be done

     Representation    62      1 modes -  To be done

     Representation    63      1 modes -  To be done

     Representation    64      1 modes -  To be done

     Representation    65      1 modes -  To be done

     Representation    66      1 modes -  To be done

     Representation    67      1 modes -  To be done

     Representation    68      1 modes -  To be done

     Representation    69      1 modes -  To be done

     Representation    70      1 modes -  To be done

     Representation    71      1 modes -  To be done

     Representation    72      1 modes -  To be done

     Representation    73      1 modes -  To be done

     Representation    74      1 modes -  To be done

     Representation    75      1 modes -  To be done

     Representation    76      1 modes -  To be done

     Representation    77      1 modes -  To be done

     Representation    78      1 modes -  To be done

     Representation    79      1 modes -  To be done

     Representation    80      1 modes -  To be done

     Representation    81      1 modes -  To be done

     Representation    82      1 modes -  To be done

     Representation    83      1 modes -  To be done

     Representation    84      1 modes -  To be done

     Representation    85      1 modes -  To be done

     Representation    86      1 modes -  To be done

     Representation    87      1 modes -  To be done

     Representation    88      1 modes -  To be done

     Representation    89      1 modes -  To be done

     Representation    90      1 modes -  To be done

     Representation    91      1 modes -  To be done

     Representation    92      1 modes -  To be done

     Representation    93      1 modes -  To be done

     Representation    94      1 modes -  To be done

     Representation    95      1 modes -  To be done

     Representation    96      1 modes -  To be done

     Representation    97      1 modes -  To be done

     Representation    98      1 modes -  To be done

     Representation    99      1 modes -  To be done

     Representation   100      1 modes -  To be done

     Representation   101      1 modes -  To be done

     Representation   102      1 modes -  To be done

     Representation   103      1 modes -  To be done

     Representation   104      1 modes -  To be done

     Representation   105      1 modes -  To be done

     Representation   106      1 modes -  To be done

     Representation   107      1 modes -  To be done

     Representation   108      1 modes -  To be done

     Representation   109      1 modes -  To be done

     Representation   110      1 modes -  To be done

     Representation   111      1 modes -  To be done

     Representation   112      1 modes -  To be done

     Representation   113      1 modes -  To be done

     Representation   114      1 modes -  To be done



     Alpha used in Ewald sum =   2.8000
     PHONON       :   5m33.44s CPU   6m 2.54s WALL



     Representation #   1 mode #   1

     Self-consistent Calculation

     Pert. #  1: Fermi energy shift (Ry) =    -8.4924E-07     0.0000E+00

      iter #   1 total cpu time :   449.4 secs   av.it.:   5.6
      thresh= 1.000E-02 alpha_mix =  0.700 |ddv_scf|^2 =  4.680E-07

     Pert. #  1: Fermi energy shift (Ry) =    -8.3799E-08     0.0000E+00

      iter #   2 total cpu time :   636.8 secs   av.it.:  17.0
      thresh= 6.841E-05 alpha_mix =  0.700 |ddv_scf|^2 =  3.020E-07

     Pert. #  1: Fermi energy shift (Ry) =     9.2218E-09     0.0000E+00

      iter #   3 total cpu time :   787.4 secs   av.it.:  16.3
      thresh= 5.495E-05 alpha_mix =  0.700 |ddv_scf|^2 =  2.803E-09

     Pert. #  1: Fermi energy shift (Ry) =     2.5957E-08     0.0000E+00

      iter #   4 total cpu time :   936.6 secs   av.it.:  17.1
      thresh= 5.294E-06 alpha_mix =  0.700 |ddv_scf|^2 =  2.960E-10

     Pert. #  1: Fermi energy shift (Ry) =     7.2520E-09     0.0000E+00

      iter #   5 total cpu time :  1070.7 secs   av.it.:  16.6
      thresh= 1.720E-06 alpha_mix =  0.700 |ddv_scf|^2 =  9.324E-12

     Pert. #  1: Fermi energy shift (Ry) =     1.1846E-09     0.0000E+00

      iter #   6 total cpu time :  1226.2 secs   av.it.:  16.5
      thresh= 3.054E-07 alpha_mix =  0.700 |ddv_scf|^2 =  7.617E-13

     Pert. #  1: Fermi energy shift (Ry) =     2.5712E-10     0.0000E+00

      iter #   7 total cpu time :  1422.9 secs   av.it.:  16.8
      thresh= 8.728E-08 alpha_mix =  0.700 |ddv_scf|^2 =  9.438E-14

     Pert. #  1: Fermi energy shift (Ry) =    -1.9000E-10     0.0000E+00

      iter #   8 total cpu time :  1621.6 secs   av.it.:  16.9
      thresh= 3.072E-08 alpha_mix =  0.700 |ddv_scf|^2 =  1.172E-14

     Pert. #  1: Fermi energy shift (Ry) =    -1.4586E-10     0.0000E+00

      iter #   9 total cpu time :  1762.4 secs   av.it.:  16.5
      thresh= 1.083E-08 alpha_mix =  0.700 |ddv_scf|^2 =  3.529E-15

     End of self-consistent calculation

     Convergence has been achieved 


     Representation #   2 mode #   2

     Self-consistent Calculation

     Pert. #  1: Fermi energy shift (Ry) =     3.8395E-07     0.0000E+00

      iter #   1 total cpu time :  1860.7 secs   av.it.:   5.6
      thresh= 1.000E-02 alpha_mix =  0.700 |ddv_scf|^2 =  4.680E-07

     Pert. #  1: Fermi energy shift (Ry) =     3.2376E-07     0.0000E+00

      iter #   2 total cpu time :  2033.7 secs   av.it.:  17.0
      thresh= 6.841E-05 alpha_mix =  0.700 |ddv_scf|^2 =  3.020E-07

     Pert. #  1: Fermi energy shift (Ry) =     1.6812E-07     0.0000E+00

      iter #   3 total cpu time :  2196.8 secs   av.it.:  16.3
      thresh= 5.495E-05 alpha_mix =  0.700 |ddv_scf|^2 =  2.803E-09

     Pert. #  1: Fermi energy shift (Ry) =     2.3576E-08     0.0000E+00

      iter #   4 total cpu time :  2372.2 secs   av.it.:  17.1
      thresh= 5.294E-06 alpha_mix =  0.700 |ddv_scf|^2 =  2.959E-10

     Pert. #  1: Fermi energy shift (Ry) =     3.2768E-09     0.0000E+00

      iter #   5 total cpu time :  2551.2 secs   av.it.:  16.6
      thresh= 1.720E-06 alpha_mix =  0.700 |ddv_scf|^2 =  9.325E-12

     Pert. #  1: Fermi energy shift (Ry) =     1.3396E-09     0.0000E+00

      iter #   6 total cpu time :  2723.3 secs   av.it.:  16.5
      thresh= 3.054E-07 alpha_mix =  0.700 |ddv_scf|^2 =  7.617E-13

     Pert. #  1: Fermi energy shift (Ry) =    -1.5737E-10     0.0000E+00

      iter #   7 total cpu time :  2897.0 secs   av.it.:  16.8
      thresh= 8.727E-08 alpha_mix =  0.700 |ddv_scf|^2 =  9.437E-14

     Pert. #  1: Fermi energy shift (Ry) =    -5.4335E-12     0.0000E+00

      iter #   8 total cpu time :  3072.6 secs   av.it.:  16.9
      thresh= 3.072E-08 alpha_mix =  0.700 |ddv_scf|^2 =  1.173E-14

     Pert. #  1: Fermi energy shift (Ry) =     7.7734E-11     0.0000E+00

      iter #   9 total cpu time :  3244.4 secs   av.it.:  16.5
      thresh= 1.083E-08 alpha_mix =  0.700 |ddv_scf|^2 =  3.528E-15

     End of self-consistent calculation

     Convergence has been achieved 


     Representation #   3 mode #   3

     Self-consistent Calculation

     Pert. #  1: Fermi energy shift (Ry) =     4.3915E-07     0.0000E+00

      iter #   1 total cpu time :  3313.3 secs   av.it.:   5.6
      thresh= 1.000E-02 alpha_mix =  0.700 |ddv_scf|^2 =  4.680E-07

     Pert. #  1: Fermi energy shift (Ry) =     1.3727E-08     0.0000E+00

      iter #   2 total cpu time :  3461.2 secs   av.it.:  17.0
      thresh= 6.841E-05 alpha_mix =  0.700 |ddv_scf|^2 =  3.020E-07

     Pert. #  1: Fermi energy shift (Ry) =     1.4467E-08     0.0000E+00

      iter #   3 total cpu time :  3594.3 secs   av.it.:  16.3
      thresh= 5.495E-05 alpha_mix =  0.700 |ddv_scf|^2 =  2.803E-09

     Pert. #  1: Fermi energy shift (Ry) =    -1.3406E-09     0.0000E+00

      iter #   4 total cpu time :  3736.5 secs   av.it.:  17.1
      thresh= 5.294E-06 alpha_mix =  0.700 |ddv_scf|^2 =  2.959E-10

     Pert. #  1: Fermi energy shift (Ry) =    -3.8259E-09     0.0000E+00

      iter #   5 total cpu time :  3873.6 secs   av.it.:  16.6
      thresh= 1.720E-06 alpha_mix =  0.700 |ddv_scf|^2 =  9.325E-12

     Pert. #  1: Fermi energy shift (Ry) =     1.6335E-10     0.0000E+00

      iter #   6 total cpu time :  4016.0 secs   av.it.:  16.5
      thresh= 3.054E-07 alpha_mix =  0.700 |ddv_scf|^2 =  7.618E-13

     Pert. #  1: Fermi energy shift (Ry) =    -8.7326E-11     0.0000E+00

      iter #   7 total cpu time :  4152.2 secs   av.it.:  16.8
      thresh= 8.728E-08 alpha_mix =  0.700 |ddv_scf|^2 =  9.439E-14

     Pert. #  1: Fermi energy shift (Ry) =     1.9608E-10     0.0000E+00

      iter #   8 total cpu time :  4293.9 secs   av.it.:  16.9
      thresh= 3.072E-08 alpha_mix =  0.700 |ddv_scf|^2 =  1.173E-14

     Pert. #  1: Fermi energy shift (Ry) =     2.4672E-10     0.0000E+00

      iter #   9 total cpu time :  4436.9 secs   av.it.:  16.5
      thresh= 1.083E-08 alpha_mix =  0.700 |ddv_scf|^2 =  3.530E-15

     End of self-consistent calculation

     Convergence has been achieved 


     Representation #   4 mode #   4

     Self-consistent Calculation

     Pert. #  1: Fermi energy shift (Ry) =     7.1398E-07     0.0000E+00

      iter #   1 total cpu time :  4533.7 secs   av.it.:   5.6
      thresh= 1.000E-02 alpha_mix =  0.700 |ddv_scf|^2 =  4.680E-07

     Pert. #  1: Fermi energy shift (Ry) =     8.2031E-08     0.0000E+00

      iter #   2 total cpu time :  4697.7 secs   av.it.:  17.0
      thresh= 6.841E-05 alpha_mix =  0.700 |ddv_scf|^2 =  3.020E-07

     Pert. #  1: Fermi energy shift (Ry) =    -1.1903E-08     0.0000E+00

      iter #   3 total cpu time :  4836.8 secs   av.it.:  16.3
      thresh= 5.495E-05 alpha_mix =  0.700 |ddv_scf|^2 =  2.803E-09

     Pert. #  1: Fermi energy shift (Ry) =    -2.0233E-08     0.0000E+00

      iter #   4 total cpu time :  4975.6 secs   av.it.:  17.1
      thresh= 5.294E-06 alpha_mix =  0.700 |ddv_scf|^2 =  2.960E-10

     Pert. #  1: Fermi energy shift (Ry) =    -6.4044E-09     0.0000E+00

      iter #   5 total cpu time :  5121.3 secs   av.it.:  16.6
      thresh= 1.720E-06 alpha_mix =  0.700 |ddv_scf|^2 =  9.325E-12

     Pert. #  1: Fermi energy shift (Ry) =    -1.4359E-09     0.0000E+00

      iter #   6 total cpu time :  5270.0 secs   av.it.:  16.5
      thresh= 3.054E-07 alpha_mix =  0.700 |ddv_scf|^2 =  7.618E-13

     Pert. #  1: Fermi energy shift (Ry) =    -3.1430E-10     0.0000E+00

      iter #   7 total cpu time :  5428.4 secs   av.it.:  16.8
      thresh= 8.728E-08 alpha_mix =  0.700 |ddv_scf|^2 =  9.438E-14

     Pert. #  1: Fermi energy shift (Ry) =    -4.4736E-11     0.0000E+00

      iter #   8 total cpu time :  5601.9 secs   av.it.:  16.9
      thresh= 3.072E-08 alpha_mix =  0.700 |ddv_scf|^2 =  1.172E-14

     Pert. #  1: Fermi energy shift (Ry) =    -9.3901E-11     0.0000E+00

      iter #   9 total cpu time :  5755.8 secs   av.it.:  16.5
      thresh= 1.083E-08 alpha_mix =  0.700 |ddv_scf|^2 =  3.529E-15

     End of self-consistent calculation

     Convergence has been achieved 


     Representation #   5 mode #   5

     Self-consistent Calculation

     Pert. #  1: Fermi energy shift (Ry) =     5.3409E-07     0.0000E+00

      iter #   1 total cpu time :  5825.7 secs   av.it.:   5.6
      thresh= 1.000E-02 alpha_mix =  0.700 |ddv_scf|^2 =  4.680E-07

     Pert. #  1: Fermi energy shift (Ry) =     2.6040E-07     0.0000E+00

      iter #   2 total cpu time :  5982.9 secs   av.it.:  17.0
      thresh= 6.841E-05 alpha_mix =  0.700 |ddv_scf|^2 =  3.020E-07

     Pert. #  1: Fermi energy shift (Ry) =     1.7216E-07     0.0000E+00

      iter #   3 total cpu time :  6117.6 secs   av.it.:  16.3
      thresh= 5.495E-05 alpha_mix =  0.700 |ddv_scf|^2 =  2.803E-09

     Pert. #  1: Fermi energy shift (Ry) =     3.8168E-08     0.0000E+00

      iter #   4 total cpu time :  6293.6 secs   av.it.:  17.1
      thresh= 5.294E-06 alpha_mix =  0.700 |ddv_scf|^2 =  2.960E-10

     Pert. #  1: Fermi energy shift (Ry) =     4.3621E-09     0.0000E+00

      iter #   5 total cpu time :  6459.4 secs   av.it.:  16.6
      thresh= 1.720E-06 alpha_mix =  0.700 |ddv_scf|^2 =  9.324E-12

     Pert. #  1: Fermi energy shift (Ry) =     1.9657E-09     0.0000E+00

      iter #   6 total cpu time :  6634.2 secs   av.it.:  16.5
      thresh= 3.054E-07 alpha_mix =  0.700 |ddv_scf|^2 =  7.617E-13

     Pert. #  1: Fermi energy shift (Ry) =    -1.3085E-10     0.0000E+00

      iter #   7 total cpu time :  6810.2 secs   av.it.:  16.8
      thresh= 8.727E-08 alpha_mix =  0.700 |ddv_scf|^2 =  9.436E-14

     Pert. #  1: Fermi energy shift (Ry) =    -9.2603E-11     0.0000E+00

      iter #   8 total cpu time :  6998.2 secs   av.it.:  16.9
      thresh= 3.072E-08 alpha_mix =  0.700 |ddv_scf|^2 =  1.172E-14

     Pert. #  1: Fermi energy shift (Ry) =     4.5568E-11     0.0000E+00

      iter #   9 total cpu time :  7166.9 secs   av.it.:  16.5
      thresh= 1.083E-08 alpha_mix =  0.700 |ddv_scf|^2 =  3.529E-15

     End of self-consistent calculation

     Convergence has been achieved 


     Representation #   6 mode #   6

     Self-consistent Calculation

     Pert. #  1: Fermi energy shift (Ry) =    -2.4030E-07     0.0000E+00

      iter #   1 total cpu time :  7236.9 secs   av.it.:   5.6
      thresh= 1.000E-02 alpha_mix =  0.700 |ddv_scf|^2 =  4.680E-07

     Pert. #  1: Fermi energy shift (Ry) =     1.9391E-07     0.0000E+00

      iter #   2 total cpu time :  7374.3 secs   av.it.:  17.0
      thresh= 6.841E-05 alpha_mix =  0.700 |ddv_scf|^2 =  3.020E-07

     Pert. #  1: Fermi energy shift (Ry) =     6.1136E-08     0.0000E+00

      iter #   3 total cpu time :  7533.8 secs   av.it.:  16.3
      thresh= 5.495E-05 alpha_mix =  0.700 |ddv_scf|^2 =  2.803E-09

     Pert. #  1: Fermi energy shift (Ry) =    -3.8709E-09     0.0000E+00

      iter #   4 total cpu time :  7675.9 secs   av.it.:  17.1
      thresh= 5.294E-06 alpha_mix =  0.700 |ddv_scf|^2 =  2.960E-10

     Pert. #  1: Fermi energy shift (Ry) =     5.0405E-11     0.0000E+00

      iter #   5 total cpu time :  7819.0 secs   av.it.:  16.6
      thresh= 1.720E-06 alpha_mix =  0.700 |ddv_scf|^2 =  9.325E-12

     Pert. #  1: Fermi energy shift (Ry) =     1.9892E-10     0.0000E+00

      iter #   6 total cpu time :  7967.1 secs   av.it.:  16.5
      thresh= 3.054E-07 alpha_mix =  0.700 |ddv_scf|^2 =  7.618E-13

     Pert. #  1: Fermi energy shift (Ry) =    -3.3063E-10     0.0000E+00

      iter #   7 total cpu time :  8103.6 secs   av.it.:  16.8
      thresh= 8.728E-08 alpha_mix =  0.700 |ddv_scf|^2 =  9.438E-14

     Pert. #  1: Fermi energy shift (Ry) =    -7.3107E-11     0.0000E+00

      iter #   8 total cpu time :  8239.5 secs   av.it.:  16.9
      thresh= 3.072E-08 alpha_mix =  0.700 |ddv_scf|^2 =  1.173E-14

     Pert. #  1: Fermi energy shift (Ry) =    -4.3712E-11     0.0000E+00

      iter #   9 total cpu time :  8406.1 secs   av.it.:  16.5
      thresh= 1.083E-08 alpha_mix =  0.700 |ddv_scf|^2 =  3.529E-15

     End of self-consistent calculation

     Convergence has been achieved 


     Representation #   7 mode #   7

     Self-consistent Calculation

     Pert. #  1: Fermi energy shift (Ry) =    -5.7052E-07     0.0000E+00

      iter #   1 total cpu time :  8501.4 secs   av.it.:   5.6
      thresh= 1.000E-02 alpha_mix =  0.700 |ddv_scf|^2 =  4.680E-07

     Pert. #  1: Fermi energy shift (Ry) =     1.5666E-08     0.0000E+00

      iter #   2 total cpu time :  8638.0 secs   av.it.:  17.0
      thresh= 6.841E-05 alpha_mix =  0.700 |ddv_scf|^2 =  3.020E-07

     Pert. #  1: Fermi energy shift (Ry) =     1.1365E-08     0.0000E+00

      iter #   3 total cpu time :  8780.0 secs   av.it.:  16.3
      thresh= 5.495E-05 alpha_mix =  0.700 |ddv_scf|^2 =  2.803E-09

     Pert. #  1: Fermi energy shift (Ry) =     2.4049E-09     0.0000E+00

      iter #   4 total cpu time :  8916.5 secs   av.it.:  17.1
      thresh= 5.294E-06 alpha_mix =  0.700 |ddv_scf|^2 =  2.960E-10

     Pert. #  1: Fermi energy shift (Ry) =     3.5965E-10     0.0000E+00

      iter #   5 total cpu time :  9062.8 secs   av.it.:  16.6
      thresh= 1.720E-06 alpha_mix =  0.700 |ddv_scf|^2 =  9.324E-12

     Pert. #  1: Fermi energy shift (Ry) =     4.3347E-10     0.0000E+00

      iter #   6 total cpu time :  9198.0 secs   av.it.:  16.5
      thresh= 3.054E-07 alpha_mix =  0.700 |ddv_scf|^2 =  7.617E-13

     Pert. #  1: Fermi energy shift (Ry) =    -9.6513E-11     0.0000E+00

      iter #   7 total cpu time :  9337.7 secs   av.it.:  16.8
      thresh= 8.727E-08 alpha_mix =  0.700 |ddv_scf|^2 =  9.437E-14

     Pert. #  1: Fermi energy shift (Ry) =     2.4168E-11     0.0000E+00

      iter #   8 total cpu time :  9480.6 secs   av.it.:  16.9
      thresh= 3.072E-08 alpha_mix =  0.700 |ddv_scf|^2 =  1.172E-14

     Pert. #  1: Fermi energy shift (Ry) =     6.3702E-11     0.0000E+00

      iter #   9 total cpu time :  9621.7 secs   av.it.:  16.5
      thresh= 1.083E-08 alpha_mix =  0.700 |ddv_scf|^2 =  3.529E-15

     End of self-consistent calculation

     Convergence has been achieved 


     Representation #   8 mode #   8

     Self-consistent Calculation

     Pert. #  1: Fermi energy shift (Ry) =     1.0449E-07     0.0000E+00

      iter #   1 total cpu time :  9716.1 secs   av.it.:   5.6
      thresh= 1.000E-02 alpha_mix =  0.700 |ddv_scf|^2 =  4.680E-07

     Pert. #  1: Fermi energy shift (Ry) =    -1.3658E-08     0.0000E+00

      iter #   2 total cpu time :  9895.5 secs   av.it.:  17.0
      thresh= 6.841E-05 alpha_mix =  0.700 |ddv_scf|^2 =  3.020E-07

     Pert. #  1: Fermi energy shift (Ry) =    -1.2452E-07     0.0000E+00

      iter #   3 total cpu time : 10065.1 secs   av.it.:  16.3
      thresh= 5.495E-05 alpha_mix =  0.700 |ddv_scf|^2 =  2.803E-09

     Pert. #  1: Fermi energy shift (Ry) =    -6.3530E-08     0.0000E+00

      iter #   4 total cpu time : 10245.5 secs   av.it.:  17.1
      thresh= 5.294E-06 alpha_mix =  0.700 |ddv_scf|^2 =  2.960E-10

     Pert. #  1: Fermi energy shift (Ry) =    -1.0105E-08     0.0000E+00

      iter #   5 total cpu time : 10383.1 secs   av.it.:  16.6
      thresh= 1.720E-06 alpha_mix =  0.700 |ddv_scf|^2 =  9.324E-12

     Pert. #  1: Fermi energy shift (Ry) =    -2.3443E-09     0.0000E+00

      iter #   6 total cpu time : 10517.2 secs   av.it.:  16.5
      thresh= 3.054E-07 alpha_mix =  0.700 |ddv_scf|^2 =  7.617E-13

     Pert. #  1: Fermi energy shift (Ry) =    -3.4728E-10     0.0000E+00

      iter #   7 total cpu time : 10673.7 secs   av.it.:  16.8
      thresh= 8.728E-08 alpha_mix =  0.700 |ddv_scf|^2 =  9.438E-14

     Pert. #  1: Fermi energy shift (Ry) =     2.0993E-10     0.0000E+00

      iter #   8 total cpu time : 10856.0 secs   av.it.:  16.9
      thresh= 3.072E-08 alpha_mix =  0.700 |ddv_scf|^2 =  1.173E-14

     Pert. #  1: Fermi energy shift (Ry) =     1.1562E-10     0.0000E+00

      iter #   9 total cpu time : 11041.7 secs   av.it.:  16.5
      thresh= 1.083E-08 alpha_mix =  0.700 |ddv_scf|^2 =  3.529E-15

     End of self-consistent calculation

     Convergence has been achieved 


     Representation #   9 mode #   9

     Self-consistent Calculation

     Pert. #  1: Fermi energy shift (Ry) =    -1.7488E-07     0.0000E+00

      iter #   1 total cpu time : 11130.3 secs   av.it.:   5.6
      thresh= 1.000E-02 alpha_mix =  0.700 |ddv_scf|^2 =  4.680E-07

     Pert. #  1: Fermi energy shift (Ry) =     2.1840E-07     0.0000E+00

      iter #   2 total cpu time : 11270.0 secs   av.it.:  17.0
      thresh= 6.841E-05 alpha_mix =  0.700 |ddv_scf|^2 =  3.020E-07

     Pert. #  1: Fermi energy shift (Ry) =     8.2173E-08     0.0000E+00

      iter #   3 total cpu time : 11410.3 secs   av.it.:  16.3
      thresh= 5.495E-05 alpha_mix =  0.700 |ddv_scf|^2 =  2.803E-09

     Pert. #  1: Fermi energy shift (Ry) =     8.7198E-09     0.0000E+00

      iter #   4 total cpu time : 11607.5 secs   av.it.:  17.1
      thresh= 5.294E-06 alpha_mix =  0.700 |ddv_scf|^2 =  2.960E-10

     Pert. #  1: Fermi energy shift (Ry) =     6.9831E-09     0.0000E+00

      iter #   5 total cpu time : 11748.4 secs   av.it.:  16.6
      thresh= 1.720E-06 alpha_mix =  0.700 |ddv_scf|^2 =  9.324E-12

     Pert. #  1: Fermi energy shift (Ry) =     2.4584E-10     0.0000E+00

      iter #   6 total cpu time : 11885.8 secs   av.it.:  16.5
      thresh= 3.054E-07 alpha_mix =  0.700 |ddv_scf|^2 =  7.616E-13

     Pert. #  1: Fermi energy shift (Ry) =    -1.3923E-10     0.0000E+00

      iter #   7 total cpu time : 12031.9 secs   av.it.:  16.8
      thresh= 8.727E-08 alpha_mix =  0.700 |ddv_scf|^2 =  9.436E-14

     Pert. #  1: Fermi energy shift (Ry) =    -1.6050E-10     0.0000E+00

      iter #   8 total cpu time : 12179.6 secs   av.it.:  16.9
      thresh= 3.072E-08 alpha_mix =  0.700 |ddv_scf|^2 =  1.172E-14

     Pert. #  1: Fermi energy shift (Ry) =    -2.0332E-10     0.0000E+00

      iter #   9 total cpu time : 12314.8 secs   av.it.:  16.5
      thresh= 1.083E-08 alpha_mix =  0.700 |ddv_scf|^2 =  3.528E-15

     End of self-consistent calculation

     Convergence has been achieved 


     Representation #  10 mode #  10

     Self-consistent Calculation

     Pert. #  1: Fermi energy shift (Ry) =     3.4583E-07     0.0000E+00

      iter #   1 total cpu time : 12390.6 secs   av.it.:   5.6
      thresh= 1.000E-02 alpha_mix =  0.700 |ddv_scf|^2 =  4.680E-07

     Pert. #  1: Fermi energy shift (Ry) =    -5.7547E-08     0.0000E+00

      iter #   2 total cpu time : 12550.5 secs   av.it.:  17.0
      thresh= 6.841E-05 alpha_mix =  0.700 |ddv_scf|^2 =  3.020E-07

     Pert. #  1: Fermi energy shift (Ry) =    -7.5886E-09     0.0000E+00

      iter #   3 total cpu time : 12729.7 secs   av.it.:  16.3
      thresh= 5.495E-05 alpha_mix =  0.700 |ddv_scf|^2 =  2.803E-09

     Pert. #  1: Fermi energy shift (Ry) =     7.0060E-09     0.0000E+00

      iter #   4 total cpu time : 12923.0 secs   av.it.:  17.1
      thresh= 5.294E-06 alpha_mix =  0.700 |ddv_scf|^2 =  2.960E-10

     Pert. #  1: Fermi energy shift (Ry) =     1.5537E-09     0.0000E+00

      iter #   5 total cpu time : 13057.9 secs   av.it.:  16.6
      thresh= 1.720E-06 alpha_mix =  0.700 |ddv_scf|^2 =  9.325E-12

     Pert. #  1: Fermi energy shift (Ry) =    -5.0653E-10     0.0000E+00

      iter #   6 total cpu time : 13197.9 secs   av.it.:  16.5
      thresh= 3.054E-07 alpha_mix =  0.700 |ddv_scf|^2 =  7.618E-13

     Pert. #  1: Fermi energy shift (Ry) =     1.5156E-10     0.0000E+00

      iter #   7 total cpu time : 13342.4 secs   av.it.:  16.8
      thresh= 8.728E-08 alpha_mix =  0.700 |ddv_scf|^2 =  9.437E-14

     Pert. #  1: Fermi energy shift (Ry) =    -1.9782E-10     0.0000E+00

      iter #   8 total cpu time : 13478.6 secs   av.it.:  16.9
      thresh= 3.072E-08 alpha_mix =  0.700 |ddv_scf|^2 =  1.172E-14

     Pert. #  1: Fermi energy shift (Ry) =    -2.4766E-10     0.0000E+00

      iter #   9 total cpu time : 13634.9 secs   av.it.:  16.5
      thresh= 1.083E-08 alpha_mix =  0.700 |ddv_scf|^2 =  3.529E-15

     End of self-consistent calculation

     Convergence has been achieved 


     Representation #  11 mode #  11

     Self-consistent Calculation

     Pert. #  1: Fermi energy shift (Ry) =     2.2575E-07     0.0000E+00

      iter #   1 total cpu time : 13719.1 secs   av.it.:   5.6
      thresh= 1.000E-02 alpha_mix =  0.700 |ddv_scf|^2 =  4.680E-07

     Pert. #  1: Fermi energy shift (Ry) =    -7.1677E-08     0.0000E+00

      iter #   2 total cpu time : 13864.5 secs   av.it.:  17.0
      thresh= 6.841E-05 alpha_mix =  0.700 |ddv_scf|^2 =  3.020E-07

     Pert. #  1: Fermi energy shift (Ry) =    -1.3057E-07     0.0000E+00

      iter #   3 total cpu time : 14044.7 secs   av.it.:  16.3
      thresh= 5.495E-05 alpha_mix =  0.700 |ddv_scf|^2 =  2.803E-09

     Pert. #  1: Fermi energy shift (Ry) =    -5.1332E-08     0.0000E+00

      iter #   4 total cpu time : 14239.1 secs   av.it.:  17.1
      thresh= 5.294E-06 alpha_mix =  0.700 |ddv_scf|^2 =  2.960E-10

     Pert. #  1: Fermi energy shift (Ry) =    -7.6165E-09     0.0000E+00

      iter #   5 total cpu time : 14418.2 secs   av.it.:  16.6
      thresh= 1.720E-06 alpha_mix =  0.700 |ddv_scf|^2 =  9.325E-12

     Pert. #  1: Fermi energy shift (Ry) =    -1.8354E-09     0.0000E+00

      iter #   6 total cpu time : 14583.2 secs   av.it.:  16.5
      thresh= 3.054E-07 alpha_mix =  0.700 |ddv_scf|^2 =  7.618E-13

     Pert. #  1: Fermi energy shift (Ry) =    -4.2745E-10     0.0000E+00

      iter #   7 total cpu time : 14753.3 secs   av.it.:  16.8
      thresh= 8.728E-08 alpha_mix =  0.700 |ddv_scf|^2 =  9.438E-14

     Pert. #  1: Fermi energy shift (Ry) =     1.1560E-11     0.0000E+00

      iter #   8 total cpu time : 14948.1 secs   av.it.:  16.9
      thresh= 3.072E-08 alpha_mix =  0.700 |ddv_scf|^2 =  1.173E-14

     Pert. #  1: Fermi energy shift (Ry) =    -6.2473E-11     0.0000E+00

      iter #   9 total cpu time : 15082.6 secs   av.it.:  16.5
      thresh= 1.083E-08 alpha_mix =  0.700 |ddv_scf|^2 =  3.529E-15

     End of self-consistent calculation

     Convergence has been achieved 


     Representation #  12 mode #  12

     Self-consistent Calculation

     Pert. #  1: Fermi energy shift (Ry) =     4.7288E-07     0.0000E+00

      iter #   1 total cpu time : 15152.4 secs   av.it.:   5.6
      thresh= 1.000E-02 alpha_mix =  0.700 |ddv_scf|^2 =  4.680E-07

     Pert. #  1: Fermi energy shift (Ry) =     2.8399E-08     0.0000E+00

      iter #   2 total cpu time : 15299.1 secs   av.it.:  17.0
      thresh= 6.841E-05 alpha_mix =  0.700 |ddv_scf|^2 =  3.020E-07

     Pert. #  1: Fermi energy shift (Ry) =     6.1192E-09     0.0000E+00

      iter #   3 total cpu time : 15477.8 secs   av.it.:  16.3
      thresh= 5.495E-05 alpha_mix =  0.700 |ddv_scf|^2 =  2.803E-09

     Pert. #  1: Fermi energy shift (Ry) =     3.5281E-09     0.0000E+00

      iter #   4 total cpu time : 15628.7 secs   av.it.:  17.1
      thresh= 5.294E-06 alpha_mix =  0.700 |ddv_scf|^2 =  2.959E-10

     Pert. #  1: Fermi energy shift (Ry) =     2.5550E-09     0.0000E+00

      iter #   5 total cpu time : 15763.8 secs   av.it.:  16.6
      thresh= 1.720E-06 alpha_mix =  0.700 |ddv_scf|^2 =  9.325E-12

     Pert. #  1: Fermi energy shift (Ry) =     2.6290E-11     0.0000E+00

      iter #   6 total cpu time : 15910.3 secs   av.it.:  16.5
      thresh= 3.054E-07 alpha_mix =  0.700 |ddv_scf|^2 =  7.618E-13

     Pert. #  1: Fermi energy shift (Ry) =     1.8414E-10     0.0000E+00

      iter #   7 total cpu time : 16049.0 secs   av.it.:  16.8
      thresh= 8.728E-08 alpha_mix =  0.700 |ddv_scf|^2 =  9.439E-14

     Pert. #  1: Fermi energy shift (Ry) =     1.8861E-10     0.0000E+00

      iter #   8 total cpu time : 16187.9 secs   av.it.:  16.9
      thresh= 3.072E-08 alpha_mix =  0.700 |ddv_scf|^2 =  1.173E-14

     Pert. #  1: Fermi energy shift (Ry) =     1.4741E-10     0.0000E+00

      iter #   9 total cpu time : 16326.8 secs   av.it.:  16.5
      thresh= 1.083E-08 alpha_mix =  0.700 |ddv_scf|^2 =  3.530E-15

     End of self-consistent calculation

     Convergence has been achieved 


     Representation #  13 mode #  13

     Self-consistent Calculation

     Pert. #  1: Fermi energy shift (Ry) =    -1.4878E-06     0.0000E+00

      iter #   1 total cpu time : 16434.6 secs   av.it.:   9.5
      thresh= 1.000E-02 alpha_mix =  0.700 |ddv_scf|^2 =  5.338E-06

     Pert. #  1: Fermi energy shift (Ry) =     3.1495E-07     0.0000E+00

      iter #   2 total cpu time : 16579.8 secs   av.it.:  18.1
      thresh= 2.310E-04 alpha_mix =  0.700 |ddv_scf|^2 =  2.656E-06

     Pert. #  1: Fermi energy shift (Ry) =     5.4950E-08     0.0000E+00

      iter #   3 total cpu time : 16727.9 secs   av.it.:  17.0
      thresh= 1.630E-04 alpha_mix =  0.700 |ddv_scf|^2 =  6.249E-08

     Pert. #  1: Fermi energy shift (Ry) =    -3.6416E-08     0.0000E+00

      iter #   4 total cpu time : 16900.9 secs   av.it.:  17.6
      thresh= 2.500E-05 alpha_mix =  0.700 |ddv_scf|^2 =  3.050E-09

     Pert. #  1: Fermi energy shift (Ry) =    -3.3393E-09     0.0000E+00

      iter #   5 total cpu time : 17051.9 secs   av.it.:  17.5
      thresh= 5.522E-06 alpha_mix =  0.700 |ddv_scf|^2 =  8.526E-11

     Pert. #  1: Fermi energy shift (Ry) =     2.8554E-10     0.0000E+00

      iter #   6 total cpu time : 17243.4 secs   av.it.:  17.8
      thresh= 9.234E-07 alpha_mix =  0.700 |ddv_scf|^2 =  2.111E-11

     Pert. #  1: Fermi energy shift (Ry) =     2.4169E-10     0.0000E+00

      iter #   7 total cpu time : 17418.8 secs   av.it.:  16.7
      thresh= 4.594E-07 alpha_mix =  0.700 |ddv_scf|^2 =  1.662E-12

     Pert. #  1: Fermi energy shift (Ry) =     5.6066E-10     0.0000E+00

      iter #   8 total cpu time : 17579.9 secs   av.it.:  16.3
      thresh= 1.289E-07 alpha_mix =  0.700 |ddv_scf|^2 =  2.343E-14

     Pert. #  1: Fermi energy shift (Ry) =     5.8439E-10     0.0000E+00

      iter #   9 total cpu time : 17748.9 secs   av.it.:  18.3
      thresh= 1.531E-08 alpha_mix =  0.700 |ddv_scf|^2 =  9.781E-15

     End of self-consistent calculation

     Convergence has been achieved 


     Representation #  14 mode #  14

     Self-consistent Calculation

     Pert. #  1: Fermi energy shift (Ry) =     1.4144E-06     0.0000E+00

      iter #   1 total cpu time : 17852.9 secs   av.it.:   9.5
      thresh= 1.000E-02 alpha_mix =  0.700 |ddv_scf|^2 =  5.338E-06

     Pert. #  1: Fermi energy shift (Ry) =     7.8625E-07     0.0000E+00

      iter #   2 total cpu time : 18003.6 secs   av.it.:  18.1
      thresh= 2.310E-04 alpha_mix =  0.700 |ddv_scf|^2 =  2.656E-06

     Pert. #  1: Fermi energy shift (Ry) =    -6.1647E-08     0.0000E+00

      iter #   3 total cpu time : 18144.3 secs   av.it.:  17.0
      thresh= 1.630E-04 alpha_mix =  0.700 |ddv_scf|^2 =  6.249E-08

     Pert. #  1: Fermi energy shift (Ry) =    -1.7507E-07     0.0000E+00

      iter #   4 total cpu time : 18304.2 secs   av.it.:  17.6
      thresh= 2.500E-05 alpha_mix =  0.700 |ddv_scf|^2 =  3.050E-09

     Pert. #  1: Fermi energy shift (Ry) =    -1.3770E-08     0.0000E+00

      iter #   5 total cpu time : 18462.3 secs   av.it.:  17.5
      thresh= 5.522E-06 alpha_mix =  0.700 |ddv_scf|^2 =  8.526E-11

     Pert. #  1: Fermi energy shift (Ry) =    -5.3207E-09     0.0000E+00

      iter #   6 total cpu time : 18608.0 secs   av.it.:  17.8
      thresh= 9.234E-07 alpha_mix =  0.700 |ddv_scf|^2 =  2.111E-11

     Pert. #  1: Fermi energy shift (Ry) =    -1.1320E-09     0.0000E+00

      iter #   7 total cpu time : 18762.2 secs   av.it.:  16.7
      thresh= 4.594E-07 alpha_mix =  0.700 |ddv_scf|^2 =  1.662E-12

     Pert. #  1: Fermi energy shift (Ry) =     1.9453E-09     0.0000E+00

      iter #   8 total cpu time : 18916.5 secs   av.it.:  16.3
      thresh= 1.289E-07 alpha_mix =  0.700 |ddv_scf|^2 =  2.343E-14

     Pert. #  1: Fermi energy shift (Ry) =     1.3873E-09     0.0000E+00

      iter #   9 total cpu time : 19098.8 secs   av.it.:  18.3
      thresh= 1.531E-08 alpha_mix =  0.700 |ddv_scf|^2 =  9.781E-15

     End of self-consistent calculation

     Convergence has been achieved 


     Representation #  15 mode #  15

     Self-consistent Calculation

     Pert. #  1: Fermi energy shift (Ry) =    -5.9731E-07     0.0000E+00

      iter #   1 total cpu time : 19221.3 secs   av.it.:   9.5
      thresh= 1.000E-02 alpha_mix =  0.700 |ddv_scf|^2 =  5.338E-06

     Pert. #  1: Fermi energy shift (Ry) =     3.5399E-07     0.0000E+00

      iter #   2 total cpu time : 19390.5 secs   av.it.:  18.1
      thresh= 2.310E-04 alpha_mix =  0.700 |ddv_scf|^2 =  2.656E-06

     Pert. #  1: Fermi energy shift (Ry) =     6.2437E-08     0.0000E+00

      iter #   3 total cpu time : 19535.6 secs   av.it.:  17.0
      thresh= 1.630E-04 alpha_mix =  0.700 |ddv_scf|^2 =  6.249E-08

     Pert. #  1: Fermi energy shift (Ry) =    -1.6661E-08     0.0000E+00

      iter #   4 total cpu time : 19699.3 secs   av.it.:  17.6
      thresh= 2.500E-05 alpha_mix =  0.700 |ddv_scf|^2 =  3.050E-09

     Pert. #  1: Fermi energy shift (Ry) =     3.1614E-09     0.0000E+00

      iter #   5 total cpu time : 19875.6 secs   av.it.:  17.5
      thresh= 5.522E-06 alpha_mix =  0.700 |ddv_scf|^2 =  8.526E-11

     Pert. #  1: Fermi energy shift (Ry) =    -1.7759E-09     0.0000E+00

      iter #   6 total cpu time : 20072.1 secs   av.it.:  17.8
      thresh= 9.234E-07 alpha_mix =  0.700 |ddv_scf|^2 =  2.111E-11

     Pert. #  1: Fermi energy shift (Ry) =    -1.4041E-09     0.0000E+00

      iter #   7 total cpu time : 20238.5 secs   av.it.:  16.7
      thresh= 4.594E-07 alpha_mix =  0.700 |ddv_scf|^2 =  1.662E-12

     Pert. #  1: Fermi energy shift (Ry) =    -1.1048E-09     0.0000E+00

      iter #   8 total cpu time : 20412.6 secs   av.it.:  16.3
      thresh= 1.289E-07 alpha_mix =  0.700 |ddv_scf|^2 =  2.343E-14

     Pert. #  1: Fermi energy shift (Ry) =    -1.0155E-09     0.0000E+00

      iter #   9 total cpu time : 20590.9 secs   av.it.:  18.3
      thresh= 1.531E-08 alpha_mix =  0.700 |ddv_scf|^2 =  9.781E-15

     End of self-consistent calculation

     Convergence has been achieved 


     Representation #  16 mode #  16

     Self-consistent Calculation

     Pert. #  1: Fermi energy shift (Ry) =     2.0693E-06     0.0000E+00

      iter #   1 total cpu time : 20694.4 secs   av.it.:   9.5
      thresh= 1.000E-02 alpha_mix =  0.700 |ddv_scf|^2 =  5.338E-06

     Pert. #  1: Fermi energy shift (Ry) =     3.8892E-07     0.0000E+00

      iter #   2 total cpu time : 20848.1 secs   av.it.:  18.1
      thresh= 2.310E-04 alpha_mix =  0.700 |ddv_scf|^2 =  2.656E-06

     Pert. #  1: Fermi energy shift (Ry) =     3.1800E-07     0.0000E+00

      iter #   3 total cpu time : 20985.8 secs   av.it.:  17.0
      thresh= 1.630E-04 alpha_mix =  0.700 |ddv_scf|^2 =  6.249E-08

     Pert. #  1: Fermi energy shift (Ry) =     7.1327E-08     0.0000E+00

      iter #   4 total cpu time : 21129.8 secs   av.it.:  17.6
      thresh= 2.500E-05 alpha_mix =  0.700 |ddv_scf|^2 =  3.050E-09

     Pert. #  1: Fermi energy shift (Ry) =     5.8261E-09     0.0000E+00

      iter #   5 total cpu time : 21273.8 secs   av.it.:  17.5
      thresh= 5.522E-06 alpha_mix =  0.700 |ddv_scf|^2 =  8.526E-11

     Pert. #  1: Fermi energy shift (Ry) =     9.1063E-10     0.0000E+00

      iter #   6 total cpu time : 21447.0 secs   av.it.:  17.8
      thresh= 9.234E-07 alpha_mix =  0.700 |ddv_scf|^2 =  2.111E-11

     Pert. #  1: Fermi energy shift (Ry) =    -7.1466E-10     0.0000E+00

      iter #   7 total cpu time : 21583.3 secs   av.it.:  16.7
      thresh= 4.594E-07 alpha_mix =  0.700 |ddv_scf|^2 =  1.662E-12

     Pert. #  1: Fermi energy shift (Ry) =    -9.2710E-10     0.0000E+00

      iter #   8 total cpu time : 21716.5 secs   av.it.:  16.3
      thresh= 1.289E-07 alpha_mix =  0.700 |ddv_scf|^2 =  2.343E-14

     Pert. #  1: Fermi energy shift (Ry) =    -3.2485E-10     0.0000E+00

      iter #   9 total cpu time : 21901.6 secs   av.it.:  18.3
      thresh= 1.531E-08 alpha_mix =  0.700 |ddv_scf|^2 =  9.781E-15

     End of self-consistent calculation

     Convergence has been achieved 


     Representation #  17 mode #  17

     Self-consistent Calculation

     Pert. #  1: Fermi energy shift (Ry) =    -6.3680E-07     0.0000E+00

      iter #   1 total cpu time : 22023.8 secs   av.it.:   9.5
      thresh= 1.000E-02 alpha_mix =  0.700 |ddv_scf|^2 =  5.338E-06

     Pert. #  1: Fermi energy shift (Ry) =    -1.8768E-07     0.0000E+00

      iter #   2 total cpu time : 22198.0 secs   av.it.:  18.1
      thresh= 2.310E-04 alpha_mix =  0.700 |ddv_scf|^2 =  2.656E-06

     Pert. #  1: Fermi energy shift (Ry) =     9.4860E-08     0.0000E+00

      iter #   3 total cpu time : 22338.1 secs   av.it.:  17.0
      thresh= 1.630E-04 alpha_mix =  0.700 |ddv_scf|^2 =  6.249E-08

     Pert. #  1: Fermi energy shift (Ry) =     6.6174E-08     0.0000E+00

      iter #   4 total cpu time : 22489.8 secs   av.it.:  17.6
      thresh= 2.500E-05 alpha_mix =  0.700 |ddv_scf|^2 =  3.050E-09

     Pert. #  1: Fermi energy shift (Ry) =    -4.1855E-09     0.0000E+00

      iter #   5 total cpu time : 22662.8 secs   av.it.:  17.5
      thresh= 5.522E-06 alpha_mix =  0.700 |ddv_scf|^2 =  8.526E-11

     Pert. #  1: Fermi energy shift (Ry) =     2.1889E-09     0.0000E+00

      iter #   6 total cpu time : 22845.1 secs   av.it.:  17.8
      thresh= 9.234E-07 alpha_mix =  0.700 |ddv_scf|^2 =  2.111E-11

     Pert. #  1: Fermi energy shift (Ry) =    -1.5554E-09     0.0000E+00

      iter #   7 total cpu time : 23008.6 secs   av.it.:  16.7
      thresh= 4.594E-07 alpha_mix =  0.700 |ddv_scf|^2 =  1.662E-12

     Pert. #  1: Fermi energy shift (Ry) =    -2.5981E-09     0.0000E+00

      iter #   8 total cpu time : 23169.2 secs   av.it.:  16.3
      thresh= 1.289E-07 alpha_mix =  0.700 |ddv_scf|^2 =  2.343E-14

     Pert. #  1: Fermi energy shift (Ry) =    -1.4718E-09     0.0000E+00

      iter #   9 total cpu time : 23347.2 secs   av.it.:  18.3
      thresh= 1.531E-08 alpha_mix =  0.700 |ddv_scf|^2 =  9.781E-15

     End of self-consistent calculation

     Convergence has been achieved 


     Representation #  18 mode #  18

     Self-consistent Calculation

     Pert. #  1: Fermi energy shift (Ry) =     2.7931E-07     0.0000E+00

      iter #   1 total cpu time : 23453.1 secs   av.it.:   9.5
      thresh= 1.000E-02 alpha_mix =  0.700 |ddv_scf|^2 =  5.338E-06

     Pert. #  1: Fermi energy shift (Ry) =    -1.2558E-07     0.0000E+00

      iter #   2 total cpu time : 23646.3 secs   av.it.:  18.1
      thresh= 2.310E-04 alpha_mix =  0.700 |ddv_scf|^2 =  2.656E-06

     Pert. #  1: Fermi energy shift (Ry) =     2.5921E-08     0.0000E+00

      iter #   3 total cpu time : 23783.4 secs   av.it.:  17.0
      thresh= 1.630E-04 alpha_mix =  0.700 |ddv_scf|^2 =  6.249E-08

     Pert. #  1: Fermi energy shift (Ry) =     2.6944E-08     0.0000E+00

      iter #   4 total cpu time : 23943.6 secs   av.it.:  17.6
      thresh= 2.500E-05 alpha_mix =  0.700 |ddv_scf|^2 =  3.050E-09

     Pert. #  1: Fermi energy shift (Ry) =     6.3946E-09     0.0000E+00

      iter #   5 total cpu time : 24144.0 secs   av.it.:  17.5
      thresh= 5.522E-06 alpha_mix =  0.700 |ddv_scf|^2 =  8.526E-11

     Pert. #  1: Fermi energy shift (Ry) =     3.6587E-09     0.0000E+00

      iter #   6 total cpu time : 24305.7 secs   av.it.:  17.8
      thresh= 9.234E-07 alpha_mix =  0.700 |ddv_scf|^2 =  2.111E-11

     Pert. #  1: Fermi energy shift (Ry) =     1.9960E-09     0.0000E+00

      iter #   7 total cpu time : 24442.8 secs   av.it.:  16.7
      thresh= 4.594E-07 alpha_mix =  0.700 |ddv_scf|^2 =  1.662E-12

     Pert. #  1: Fermi energy shift (Ry) =     9.0616E-10     0.0000E+00

      iter #   8 total cpu time : 24576.4 secs   av.it.:  16.3
      thresh= 1.289E-07 alpha_mix =  0.700 |ddv_scf|^2 =  2.343E-14

     Pert. #  1: Fermi energy shift (Ry) =     9.5095E-10     0.0000E+00

      iter #   9 total cpu time : 24722.9 secs   av.it.:  18.3
      thresh= 1.531E-08 alpha_mix =  0.700 |ddv_scf|^2 =  9.781E-15

     End of self-consistent calculation

     Convergence has been achieved 


     Representation #  19 mode #  19

     Self-consistent Calculation

     Pert. #  1: Fermi energy shift (Ry) =    -3.0980E-03     0.0000E+00

      iter #   1 total cpu time : 24793.4 secs   av.it.:   4.0
      thresh= 1.000E-02 alpha_mix =  0.700 |ddv_scf|^2 =  3.636E-08

     Pert. #  1: Fermi energy shift (Ry) =    -1.8946E-04     0.0000E+00

      iter #   2 total cpu time : 24936.8 secs   av.it.:  17.6
      thresh= 1.907E-05 alpha_mix =  0.700 |ddv_scf|^2 =  2.115E-08

     Pert. #  1: Fermi energy shift (Ry) =    -1.8534E-03     0.0000E+00

      iter #   3 total cpu time : 25072.9 secs   av.it.:  17.0
      thresh= 1.454E-05 alpha_mix =  0.700 |ddv_scf|^2 =  1.897E-10

     Pert. #  1: Fermi energy shift (Ry) =    -2.0858E-03     0.0000E+00

      iter #   4 total cpu time : 25244.3 secs   av.it.:  17.8
      thresh= 1.377E-06 alpha_mix =  0.700 |ddv_scf|^2 =  1.706E-11

     Pert. #  1: Fermi energy shift (Ry) =    -1.9923E-03     0.0000E+00

      iter #   5 total cpu time : 25388.3 secs   av.it.:  17.5
      thresh= 4.130E-07 alpha_mix =  0.700 |ddv_scf|^2 =  4.651E-13

     Pert. #  1: Fermi energy shift (Ry) =    -2.0019E-03     0.0000E+00

      iter #   6 total cpu time : 25532.0 secs   av.it.:  17.9
      thresh= 6.820E-08 alpha_mix =  0.700 |ddv_scf|^2 =  7.129E-14

     Pert. #  1: Fermi energy shift (Ry) =    -2.0002E-03     0.0000E+00

      iter #   7 total cpu time : 25672.8 secs   av.it.:  17.6
      thresh= 2.670E-08 alpha_mix =  0.700 |ddv_scf|^2 =  7.483E-15

     End of self-consistent calculation

     Convergence has been achieved 


     Representation #  20 mode #  20

     Self-consistent Calculation

     Pert. #  1: Fermi energy shift (Ry) =    -3.0971E-03     0.0000E+00

      iter #   1 total cpu time : 25733.0 secs   av.it.:   4.0
      thresh= 1.000E-02 alpha_mix =  0.700 |ddv_scf|^2 =  3.637E-08

     Pert. #  1: Fermi energy shift (Ry) =    -1.8862E-04     0.0000E+00

      iter #   2 total cpu time : 25907.6 secs   av.it.:  17.6
      thresh= 1.907E-05 alpha_mix =  0.700 |ddv_scf|^2 =  2.116E-08

     Pert. #  1: Fermi energy shift (Ry) =    -1.8533E-03     0.0000E+00

      iter #   3 total cpu time : 26045.5 secs   av.it.:  17.0
      thresh= 1.455E-05 alpha_mix =  0.700 |ddv_scf|^2 =  1.896E-10

     Pert. #  1: Fermi energy shift (Ry) =    -2.0859E-03     0.0000E+00

      iter #   4 total cpu time : 26227.1 secs   av.it.:  17.8
      thresh= 1.377E-06 alpha_mix =  0.700 |ddv_scf|^2 =  1.706E-11

     Pert. #  1: Fermi energy shift (Ry) =    -1.9924E-03     0.0000E+00

      iter #   5 total cpu time : 26397.1 secs   av.it.:  17.5
      thresh= 4.130E-07 alpha_mix =  0.700 |ddv_scf|^2 =  4.652E-13

     Pert. #  1: Fermi energy shift (Ry) =    -2.0019E-03     0.0000E+00

      iter #   6 total cpu time : 26577.4 secs   av.it.:  17.9
      thresh= 6.820E-08 alpha_mix =  0.700 |ddv_scf|^2 =  7.131E-14

     Pert. #  1: Fermi energy shift (Ry) =    -2.0002E-03     0.0000E+00

      iter #   7 total cpu time : 26746.9 secs   av.it.:  17.6
      thresh= 2.670E-08 alpha_mix =  0.700 |ddv_scf|^2 =  7.484E-15

     End of self-consistent calculation

     Convergence has been achieved 


     Representation #  21 mode #  21

     Self-consistent Calculation

     Pert. #  1: Fermi energy shift (Ry) =     3.0982E-03     0.0000E+00

      iter #   1 total cpu time : 26806.5 secs   av.it.:   4.0
      thresh= 1.000E-02 alpha_mix =  0.700 |ddv_scf|^2 =  3.637E-08

     Pert. #  1: Fermi energy shift (Ry) =     1.8854E-04     0.0000E+00

      iter #   2 total cpu time : 26947.8 secs   av.it.:  17.6
      thresh= 1.907E-05 alpha_mix =  0.700 |ddv_scf|^2 =  2.116E-08

     Pert. #  1: Fermi energy shift (Ry) =     1.8533E-03     0.0000E+00

      iter #   3 total cpu time : 27116.4 secs   av.it.:  17.0
      thresh= 1.455E-05 alpha_mix =  0.700 |ddv_scf|^2 =  1.896E-10

     Pert. #  1: Fermi energy shift (Ry) =     2.0859E-03     0.0000E+00

      iter #   4 total cpu time : 27325.6 secs   av.it.:  17.8
      thresh= 1.377E-06 alpha_mix =  0.700 |ddv_scf|^2 =  1.706E-11

     Pert. #  1: Fermi energy shift (Ry) =     1.9923E-03     0.0000E+00

      iter #   5 total cpu time : 27516.5 secs   av.it.:  17.5
      thresh= 4.131E-07 alpha_mix =  0.700 |ddv_scf|^2 =  4.650E-13

     Pert. #  1: Fermi energy shift (Ry) =     2.0019E-03     0.0000E+00

      iter #   6 total cpu time : 27712.1 secs   av.it.:  17.9
      thresh= 6.819E-08 alpha_mix =  0.700 |ddv_scf|^2 =  7.130E-14

     Pert. #  1: Fermi energy shift (Ry) =     2.0002E-03     0.0000E+00

      iter #   7 total cpu time : 27855.2 secs   av.it.:  17.6
      thresh= 2.670E-08 alpha_mix =  0.700 |ddv_scf|^2 =  7.484E-15

     End of self-consistent calculation

     Convergence has been achieved 


     Representation #  22 mode #  22

     Self-consistent Calculation

     Pert. #  1: Fermi energy shift (Ry) =     3.0980E-03     0.0000E+00

      iter #   1 total cpu time : 27913.9 secs   av.it.:   4.0
      thresh= 1.000E-02 alpha_mix =  0.700 |ddv_scf|^2 =  3.637E-08

     Pert. #  1: Fermi energy shift (Ry) =     1.8906E-04     0.0000E+00

      iter #   2 total cpu time : 28058.4 secs   av.it.:  17.6
      thresh= 1.907E-05 alpha_mix =  0.700 |ddv_scf|^2 =  2.115E-08

     Pert. #  1: Fermi energy shift (Ry) =     1.8533E-03     0.0000E+00

      iter #   3 total cpu time : 28211.7 secs   av.it.:  17.0
      thresh= 1.454E-05 alpha_mix =  0.700 |ddv_scf|^2 =  1.897E-10

     Pert. #  1: Fermi energy shift (Ry) =     2.0858E-03     0.0000E+00

      iter #   4 total cpu time : 28369.8 secs   av.it.:  17.8
      thresh= 1.377E-06 alpha_mix =  0.700 |ddv_scf|^2 =  1.706E-11

     Pert. #  1: Fermi energy shift (Ry) =     1.9923E-03     0.0000E+00

      iter #   5 total cpu time : 28549.7 secs   av.it.:  17.5
      thresh= 4.130E-07 alpha_mix =  0.700 |ddv_scf|^2 =  4.650E-13

     Pert. #  1: Fermi energy shift (Ry) =     2.0019E-03     0.0000E+00

      iter #   6 total cpu time : 28703.1 secs   av.it.:  17.9
      thresh= 6.819E-08 alpha_mix =  0.700 |ddv_scf|^2 =  7.130E-14

     Pert. #  1: Fermi energy shift (Ry) =     2.0002E-03     0.0000E+00

      iter #   7 total cpu time : 28848.3 secs   av.it.:  17.6
      thresh= 2.670E-08 alpha_mix =  0.700 |ddv_scf|^2 =  7.483E-15

     End of self-consistent calculation

     Convergence has been achieved 


     Representation #  23 mode #  23

     Self-consistent Calculation

     Pert. #  1: Fermi energy shift (Ry) =    -3.0985E-03     0.0000E+00

      iter #   1 total cpu time : 28907.8 secs   av.it.:   4.0
      thresh= 1.000E-02 alpha_mix =  0.700 |ddv_scf|^2 =  3.637E-08

     Pert. #  1: Fermi energy shift (Ry) =    -1.8914E-04     0.0000E+00

      iter #   2 total cpu time : 29057.8 secs   av.it.:  17.6
      thresh= 1.907E-05 alpha_mix =  0.700 |ddv_scf|^2 =  2.116E-08

     Pert. #  1: Fermi energy shift (Ry) =    -1.8534E-03     0.0000E+00

      iter #   3 total cpu time : 29199.1 secs   av.it.:  17.0
      thresh= 1.455E-05 alpha_mix =  0.700 |ddv_scf|^2 =  1.896E-10

     Pert. #  1: Fermi energy shift (Ry) =    -2.0859E-03     0.0000E+00

      iter #   4 total cpu time : 29347.2 secs   av.it.:  17.8
      thresh= 1.377E-06 alpha_mix =  0.700 |ddv_scf|^2 =  1.706E-11

     Pert. #  1: Fermi energy shift (Ry) =    -1.9923E-03     0.0000E+00

      iter #   5 total cpu time : 29488.8 secs   av.it.:  17.5
      thresh= 4.130E-07 alpha_mix =  0.700 |ddv_scf|^2 =  4.651E-13

     Pert. #  1: Fermi energy shift (Ry) =    -2.0019E-03     0.0000E+00

      iter #   6 total cpu time : 29653.6 secs   av.it.:  17.9
      thresh= 6.820E-08 alpha_mix =  0.700 |ddv_scf|^2 =  7.131E-14

     Pert. #  1: Fermi energy shift (Ry) =    -2.0002E-03     0.0000E+00

      iter #   7 total cpu time : 29823.5 secs   av.it.:  17.6
      thresh= 2.670E-08 alpha_mix =  0.700 |ddv_scf|^2 =  7.483E-15
